[backblue.gif]
[fade.gif]
[index.html]
[w.ladicdn.com_443/644bd195fdccd700206206ea/z6640805870113_69d4a5d9fc44ce8c3ed1c4581f63b7b4-20250527163223-3mlxn.jpg]
[w.ladicdn.com/s768x1547/644bd195fdccd700206206ea/imgi_6_imgi_1_759875d63dc09ce27b402f925b5ce0c7-20260608092648-mlpev-20260827064157-zfb50.png]
[w.ladicdn.com/s750x1850/644bd195fdccd700206206ea/imgi_1_imgi_1_759875d63dc09ce27b402f925b5ce0c7-20260608092648-mlpev-20260827085345-jorl3.png]
[w.ladicdn.com/s350x350/644bd195fdccd700206206ea/imgi_6_imgi_8_fff-20250420034256-byv87-20251220104743-dlvtf-20260827085346-f8f6z.png]
[w.ladicdn.com/s550x550/644bd195fdccd700206206ea/imgi_2_sen-2-20260612100739-vh2zg-20260827085346-yunnn.png]
[w.ladicdn.com/s650x650/644bd195fdccd700206206ea/imgi_4_phong-bi-20260612100315-b10wt-20260827085346-frlu2.png]
[w.ladicdn.com/s400x400/644bd195fdccd700206206ea/imgi_3_imgi_3_0024_2-20251020193427-q6beh-20251220104741-mt03v-20260827085346-q21ei.png]
[w.ladicdn.com/s350x350/644bd195fdccd700206206ea/imgi_5_imgi_19_3559759d7fe54d2f4400180b41bf213f-20260608092902-lre6s-20260827085346-ozko5.png]
[w.ladicdn.com/s500x400/644bd195fdccd700206206ea/imgi_7_imgi_25_hoa-sen4-20260609074632-edqkt-20260612100315-wltbn-20260827085346-px9m2.png]
[w.ladicdn.com/644bd195fdccd700206206ea/imgi_8_thiet-ke-chua-co-ten-1-20260614052835-lwso_-20260827085346-mytm-.gif]
[w.ladicdn.com/s750x1850/644bd195fdccd700206206ea/imgi_6_imgi_1_759875d63dc09ce27b402f925b5ce0c7-20260608092648-mlpev-20260827064157-zfb50.png]
[w.ladicdn.com/s450x450/644bd195fdccd700206206ea/imgi_7_sen-2-20260612100739-vh2zg-20260827064157-id0sg.png]
[w.ladicdn.com/s800x1050/644bd195fdccd700206206ea/imgi_16_3474d4ea8dad44459b1d68f70cac4014tplv-photomode-image-20260613071910-jy8lo-20260827064502-swxle.jpg]
[w.ladicdn.com/s450x450/644bd195fdccd700206206ea/imgi_10_imgi_18_hoa-sen-20260608073238-bssft-20260612100315-ju5xh-20260827064158-c526n.png]
[w.ladicdn.com/s500x500/644bd195fdccd700206206ea/imgi_11_chu-hy-20260612105510-b4yyj-20260827064158-rc_3i.png]
[w.ladicdn.com/s450x400/644bd195fdccd700206206ea/imgi_15_imgi_25_hoa-sen4-20260609074632-edqkt-20260612100315-wltbn-20260827064502-l9_6q.png]
[w.ladicdn.com/644bd195fdccd700206206ea/imgi_17_thiet-ke-chua-co-ten-1-20260614052835-lwso_-20260827064503-lcpmc.gif]
[w.ladicdn.com/s500x550/644bd195fdccd700206206ea/imgi_9_thiet-ke-chua-co-ten-20260613145026-qtt7o-20260827064158-e8hcq.png]
[w.ladicdn.com/s550x500/644bd195fdccd700206206ea/imgi_12_sen-trang-vector-20260612110422-w1m8l-20260827064158-lbsgz.png]
[w.ladicdn.com/s750x750/644bd195fdccd700206206ea/imgi_13_5-20260612110048-iabty-20260827064158-r5m1w.png]
[w.ladicdn.com/s600x500/644bd195fdccd700206206ea/imgi_14_fde6615819064ed596832cbfe8392dbatplv-photomode-image-20260612102044-ih9c_-20260827064502-s95ag.jpg]
[w.ladicdn.com/s800x1050/644bd195fdccd700206206ea/imgi_8_thiet-ke-chua-co-ten-20260613144516-iauv9-20260827064157-ut40n.png]
[w.ladicdn.com/s750x950/644bd195fdccd700206206ea/imgi_18_7146da0c39d878fe098cd87c5d265b87-20260613153200-tcjyh-20260827064503-wog8r.jpg]
[w.ladicdn.com/s500x600/644bd195fdccd700206206ea/imgi_21_5b1201019b944933be0c7b9b50d67944tplv-photomode-image-20260612102040-yhzen-20260827064503-i4sh1.jpg]
[w.ladicdn.com/s500x600/644bd195fdccd700206206ea/imgi_20_928a7d7ba876402191f950748bd45864tplv-photomode-image-20260612102041-xgv_i-20260827064503-ibceb.jpg]
[w.ladicdn.com/s768x866/644bd195fdccd700206206ea/imgi_6_imgi_1_759875d63dc09ce27b402f925b5ce0c7-20260608092648-mlpev-20260827064157-zfb50.png]
[w.ladicdn.com/s600x700/644bd195fdccd700206206ea/imgi_19_imgi_20_0017_9-20251020184704-zyurf-20260607064734-jthgg-20260612111624-yf17l-20260827064503-d7kbe.png]
[w.ladicdn.com/s500x400/644bd195fdccd700206206ea/imgi_24_imgi_30_hoavan3-20260609025904-ikdle-20260612184036-4hxku-20260827072842-rbeox.png]
[w.ladicdn.com/s350x350/644bd195fdccd700206206ea/imgi_22_imgi_19_3559759d7fe54d2f4400180b41bf213f-20260608092902-lre6s-20260827072858-ww7mf.png]
[w.ladicdn.com/s500x400/644bd195fdccd700206206ea/imgi_25_imgi_25_hoa-sen4-20260609074632-edqkt-20260612100315-wltbn-20260827072842-xec0p.png]
[w.ladicdn.com/s500x400/644bd195fdccd700206206ea/imgi_26_imgi_17_hoavan1-20260609023253-0eajh-20260612184019-cssyb-20260827072842-p6yu_.png]
[w.ladicdn.com/s500x500/644bd195fdccd700206206ea/imgi_27_sen-2-20260612100739-vh2zg-20260827072842-_1qpq.png]
[w.ladicdn.com/s450x450/644bd195fdccd700206206ea/imgi_29_imgi_19_5ef6ea8104fbde62e36cfd132f6ff626-20260612103133-up1mv-20260827072842-nmwdw.png]
[w.ladicdn.com/s400x400/644bd195fdccd700206206ea/imgi_30_imgi_20_9cbe5067e0fbca3f652700278409b4f9-20260612103134-mljqp-20260827072842-snaa3.png]
[w.ladicdn.com/s350x350/644bd195fdccd700206206ea/e13442cb-f4d8-4e42-becc-a67a7f99c1ee-20260422135328-2x_fh.png]
[w.ladicdn.com/s768x577/644bd195fdccd700206206ea/imgi_6_imgi_1_759875d63dc09ce27b402f925b5ce0c7-20260608092648-mlpev-20260827064157-zfb50.png]
[w.ladicdn.com/s500x450/644bd195fdccd700206206ea/imgi_25_imgi_25_hoa-sen4-20260609074632-edqkt-20260612100315-wltbn-20260827072842-xec0p.png]
[w.ladicdn.com/s450x500/644bd195fdccd700206206ea/imgi_10_imgi_18_hoa-sen-20260608073238-bssft-20260612100315-ju5xh-20260827064158-c526n.png]
[w.ladicdn.com/s650x700/644bd195fdccd700206206ea/imgi_19_imgi_20_0017_9-20251020184704-zyurf-20260607064734-jthgg-20260612111624-yf17l-20260827064503-d7kbe.png]
[w.ladicdn.com/s650x550/644bd195fdccd700206206ea/imgi_14_fde6615819064ed596832cbfe8392dbatplv-photomode-image-20260612102044-ih9c_-20260827064502-s95ag.jpg]
[w.ladicdn.com/s768x1570/644bd195fdccd700206206ea/imgi_6_imgi_1_759875d63dc09ce27b402f925b5ce0c7-20260608092648-mlpev-20260827064157-zfb50.png]
[w.ladicdn.com/s750x950/644bd195fdccd700206206ea/1-19-20260827083150-bayxy.jpg]
[w.ladicdn.com/s400x400/644bd195fdccd700206206ea/1-19-20260827083150-bayxy.jpg]
[w.ladicdn.com/s750x950/644bd195fdccd700206206ea/1-10-20260827083150-wo-30.jpg]
[w.ladicdn.com/s400x400/644bd195fdccd700206206ea/1-10-20260827083150-wo-30.jpg]
[w.ladicdn.com/s750x950/644bd195fdccd700206206ea/1-3-20260827083150-67vkk.jpg]
[w.ladicdn.com/s400x400/644bd195fdccd700206206ea/1-3-20260827083150-67vkk.jpg]
[w.ladicdn.com/s750x950/644bd195fdccd700206206ea/1-9-20260827083150-hgd8s.jpg]
[w.ladicdn.com/s400x400/644bd195fdccd700206206ea/1-9-20260827083150-hgd8s.jpg]
[w.ladicdn.com/s750x950/644bd195fdccd700206206ea/1-6-20260827083150-vtsq_.jpg]
[w.ladicdn.com/s400x400/644bd195fdccd700206206ea/1-6-20260827083150-vtsq_.jpg]
[w.ladicdn.com/s750x950/644bd195fdccd700206206ea/1-1-20260827083150-gg8du.jpg]
[w.ladicdn.com/s400x400/644bd195fdccd700206206ea/1-1-20260827083150-gg8du.jpg]
[w.ladicdn.com/s450x500/644bd195fdccd700206206ea/imgi_60_thiet-ke-chua-co-ten-20260613072611-rdv1l-20260827082746--je95.png]
[w.ladicdn.com/s750x950/644bd195fdccd700206206ea/imgi_23_f31fff6651574a0dac069720a1c6d8cetplv-photomode-image-20260612102044-bijhn-20260827072842-k1tax.jpg]
[w.ladicdn.com/s700x700/644bd195fdccd700206206ea/black-grey-elegant-typography-monogram-initials-logo-20250410112608-g6cvd.png]
[w.ladicdn.com/s361x415/644bd195fdccd700206206ea/imgi_34_tai-xuong-3-20250817104726-ivsd7-20260506040045-fbxrf.jpg]
[w.ladicdn.com/s450x550/644bd195fdccd700206206ea/backgroud-dien-thoai-20250406101836-7t7td.png]
[w.ladicdn.com/s550x750/644bd195fdccd700206206ea/z7796333064922_b90385692641312a5f1b2311762f0c1f-20260506083613-_otgf.jpg]
[w.ladicdn.com/s500x550/644bd195fdccd700206206ea/imgi_56_7-20260408035006-1qtrz-20260507074446-k3rgs.jpg]
[w.ladicdn.com/s550x750/644bd195fdccd700206206ea/z7780455357037_9407dec163b201eb76aad292e4902e3a-20260501082351-hb9ze.jpg]
[w.ladicdn.com/s500x550/644bd195fdccd700206206ea/1-32-20260504155739-7wuwb.jpg]
[img.icons8.com/ios-filled/50/ffffff/mute--v1.png]
[img.icons8.com/ios-filled/50/ffffff/musical-notes.png]
[www.lovecard.click/thiepso48.html]
[w.ladicdn.com/v5/source/ladipagev3.minfa72.js]
